node:events:496
      throw er; // Unhandled 'error' event
      ^

Error: listen EADDRINUSE: address already in use :::3000
    at Server.setupListenHandle [as _listen2] (node:net:1937:16)
    at listenInCluster (node:net:1994:12)
    at Server.listen (node:net:2099:7)
    at Server.attach (C:\Users\giaho\Documents\4A\SYD\BuildYourBlockChain\node_modules\socket.io\dist\index.js:226:17)
    at new Server (C:\Users\giaho\Documents\4A\SYD\BuildYourBlockChain\node_modules\socket.io\dist\index.js:119:18)
    at file:///C:/Users/giaho/Documents/4A/SYD/BuildYourBlockChain/serveur.js:56:12
    at ModuleJob.run (node:internal/modules/esm/module_job:271:25)
    at async onImport.tracePromise.__proto__ (node:internal/modules/esm/loader:578:26)
    at async asyncRunEntryPointWithESMLoader (node:internal/modules/run_main:116:5)
Emitted 'error' event on Server instance at:
    at emitErrorNT (node:net:1973:8)
    at process.processTicksAndRejections (node:internal/process/task_queues:90:21) {
  code: 'EADDRINUSE',
  errno: -4091,
  syscall: 'listen',
  address: '::',
  port: 3000
}

Node.js v22.14.0
Error: Field jeNeSuisPasDef not exists
    at Socket.<anonymous> (file:///C:/Users/giaho/Documents/4A/SYD/BuildYourBlockChain/serveur.js:28:21)
    at Socket.emit (node:events:518:28)
    at Socket.emitUntyped (C:\Users\giaho\Documents\4A\SYD\BuildYourBlockChain\node_modules\socket.io\dist\typed-events.js:69:22)
    at C:\Users\giaho\Documents\4A\SYD\BuildYourBlockChain\node_modules\socket.io\dist\socket.js:697:39
    at process.processTicksAndRejections (node:internal/process/task_queues:85:11)
